// Jest Snapshot v1, https://goo.gl/fbAQLP

exports[`PlayPauseButton snapshot PlayPauseButton > Snapshot 1`] = `
<div>
  <WithStyles(Button)
    glyph={Object {}}
    onClick={[Function]}
  />
</div>
`;
