// Jest Snapshot v1, https://goo.gl/fbAQLP

exports[`HeaderWrapper snapshot HeaderWrapper > Snapshot 1`] = `<div />`;
