// Jest Snapshot v1, https://goo.gl/fbAQLP

exports[`Test demo player container PlayerContainer > Snapshot 1`] = `
<div>
  <div />
</div>
`;
