// Jest Snapshot v1, https://goo.gl/fbAQLP

exports[`test demo sidepanel SidePanel > Snapshot 1`] = `
<div>
  <WithStyles(AppBar)
    position="static"
  >
    <WithStyles(Toolbar)>
      <WithStyles(Typography)
        color="inherit"
        variant="h6"
      >
        Open Player Demo
      </WithStyles(Typography)>
    </WithStyles(Toolbar)>
  </WithStyles(AppBar)>
  <WithStyles(List)
    component="nav"
  >
    <WithStyles(ListItem)
      button={true}
      onClick={[Function]}
    >
      <WithStyles(ListItemText)
        primary="Play"
      />
    </WithStyles(ListItem)>
    <WithStyles(ListItem)
      button={true}
      onClick={[Function]}
    >
      <WithStyles(ListItemText)
        primary="Pause"
      />
    </WithStyles(ListItem)>
    <WithStyles(Divider) />
    <WithStyles(ListItem)
      button={true}
      onClick={[Function]}
    >
      <WithStyles(ListItemIcon)>
        <GithubIcon />
      </WithStyles(ListItemIcon)>
      <WithStyles(ListItemText)
        primary="Github repository"
      />
    </WithStyles(ListItem)>
  </WithStyles(List)>
</div>
`;
