// Jest Snapshot v1, https://goo.gl/fbAQLP

exports[`Spinner Spinner > Snapshot 1`] = `""`;
