// Jest Snapshot v1, https://goo.gl/fbAQLP

exports[`ControlsWrapper snapshot ControlsWrapper > Snapshot 1`] = `
<div
  className="undefined"
>
  <div />
</div>
`;
