// Jest Snapshot v1, https://goo.gl/fbAQLP

exports[`CorePlayer > Snapshot 1`] = `
<CorePlayer
  RxPlayer={[Function]}
  url=""
>
  <div>
    <video />
  </div>
</CorePlayer>
`;
