// Jest Snapshot v1, https://goo.gl/fbAQLP

exports[`SeekBarContainer SeekBarContainer > Snapshot 1`] = `
<SeekBarContainer
  currentTime={2}
  endTime={3}
  seekTo={[Function]}
  startTime={1}
  store={
    Object {
      "dispatch": [Function],
      "getAction": [Function],
      "getActions": [Function],
      "getState": [Function],
      "isActionDispatched": [Function],
      "isActionTypeDispatched": [Function],
      "subscribe": [Function],
    }
  }
  storeSubscription={
    Subscription {
      "listeners": Object {
        "clear": [Function],
        "get": [Function],
        "notify": [Function],
        "subscribe": [Function],
      },
      "onStateChange": [Function],
      "parentSub": undefined,
      "store": Object {
        "dispatch": [Function],
        "getAction": [Function],
        "getActions": [Function],
        "getState": [Function],
        "isActionDispatched": [Function],
        "isActionTypeDispatched": [Function],
        "subscribe": [Function],
      },
      "unsubscribe": undefined,
    }
  }
/>
`;
