// Jest Snapshot v1, https://goo.gl/fbAQLP

exports[`test Player component Player > Snapshot 1`] = `
<Player
  config={Object {}}
  onLoad={[Function]}
/>
`;
